../Core/Src/main.c:79:5:klav	8	static
../Core/Src/main.c:187:6:read_joystick	16	static
../Core/Src/main.c:206:5:get_joystick_direction	32	static
../Core/Src/main.c:270:6:draw_block	40	static
../Core/Src/main.c:282:5:can_move	32	static
../Core/Src/main.c:292:6:rotate_piece	72	static
../Core/Src/main.c:321:6:rotate_piece_counter_clockwise	72	static
../Core/Src/main.c:351:6:reset_game	8	static
../Core/Src/main.c:369:6:place_piece	48	static
../Core/Src/main.c:410:6:new_game	8	static
../Core/Src/main.c:428:6:draw	96	static
../Core/Src/main.c:490:6:input	24	static
../Core/Src/main.c:588:6:logic	8	static
../Core/Src/main.c:598:6:HAL_TIM_PeriodElapsedCallback	16	static
../Core/Src/main.c:606:5:main	16	static
../Core/Src/main.c:657:6:SystemClock_Config	88	static
../Core/Src/main.c:704:13:MX_ADC1_Init	24	static
../Core/Src/main.c:752:13:MX_SPI1_Init	8	static
../Core/Src/main.c:778:13:MX_TIM10_Init	8	static
../Core/Src/main.c:795:13:MX_DMA_Init	16	static
../Core/Src/main.c:811:13:MX_GPIO_Init	40	static
../Core/Src/main.c:864:6:Error_Handler	4	static,ignoring_inline_asm
